// Jest Snapshot v1, https://goo.gl/fbAQLP

exports[`Button renders correctly 1`] = `
<Link
  className="button "
  replace={false}
  to="/target"
/>
`;
