// Jest Snapshot v1, https://goo.gl/fbAQLP

exports[`CodePlayLoveCard renders correctly 1`] = `
ShallowWrapper {
  Symbol(enzyme.__root__): [Circular],
  Symbol(enzyme.__unrendered__): <CodePlayLoveCard
    style="code"
    title="Code"
  >
    This is code
  </CodePlayLoveCard>,
  Symbol(enzyme.__renderer__): Object {
    "batchedUpdates": [Function],
    "getNode": [Function],
    "render": [Function],
    "simulateError": [Function],
    "simulateEvent": [Function],
    "unmount": [Function],
  },
  Symbol(enzyme.__node__): Object {
    "instance": null,
    "key": undefined,
    "nodeType": "host",
    "props": Object {
      "children": Array [
        <div
          className="code-play-love-card__icon code-play-love-card__icon--code"
        />,
        <div
          className="code-play-love-card__content"
        >
          <h3
            className="code-play-love-card__head"
          >
            Code
          </h3>
          This is code
        </div>,
      ],
      "className": "code-play-love-card code-play-love-card--code",
    },
    "ref": null,
    "rendered": Array [
      Object {
        "instance": null,
        "key": undefined,
        "nodeType": "host",
        "props": Object {
          "className": "code-play-love-card__icon code-play-love-card__icon--code",
        },
        "ref": null,
        "rendered": null,
        "type": "div",
      },
      Object {
        "instance": null,
        "key": undefined,
        "nodeType": "host",
        "props": Object {
          "children": Array [
            <h3
              className="code-play-love-card__head"
            >
              Code
            </h3>,
            "This is code",
          ],
          "className": "code-play-love-card__content",
        },
        "ref": null,
        "rendered": Array [
          Object {
            "instance": null,
            "key": undefined,
            "nodeType": "host",
            "props": Object {
              "children": "Code",
              "className": "code-play-love-card__head",
            },
            "ref": null,
            "rendered": "Code",
            "type": "h3",
          },
          "This is code",
        ],
        "type": "div",
      },
    ],
    "type": "li",
  },
  Symbol(enzyme.__nodes__): Array [
    Object {
      "instance": null,
      "key": undefined,
      "nodeType": "host",
      "props": Object {
        "children": Array [
          <div
            className="code-play-love-card__icon code-play-love-card__icon--code"
          />,
          <div
            className="code-play-love-card__content"
          >
            <h3
              className="code-play-love-card__head"
            >
              Code
            </h3>
            This is code
          </div>,
        ],
        "className": "code-play-love-card code-play-love-card--code",
      },
      "ref": null,
      "rendered": Array [
        Object {
          "instance": null,
          "key": undefined,
          "nodeType": "host",
          "props": Object {
            "className": "code-play-love-card__icon code-play-love-card__icon--code",
          },
          "ref": null,
          "rendered": null,
          "type": "div",
        },
        Object {
          "instance": null,
          "key": undefined,
          "nodeType": "host",
          "props": Object {
            "children": Array [
              <h3
                className="code-play-love-card__head"
              >
                Code
              </h3>,
              "This is code",
            ],
            "className": "code-play-love-card__content",
          },
          "ref": null,
          "rendered": Array [
            Object {
              "instance": null,
              "key": undefined,
              "nodeType": "host",
              "props": Object {
                "children": "Code",
                "className": "code-play-love-card__head",
              },
              "ref": null,
              "rendered": "Code",
              "type": "h3",
            },
            "This is code",
          ],
          "type": "div",
        },
      ],
      "type": "li",
    },
  ],
  Symbol(enzyme.__options__): Object {
    "adapter": ReactSixteenAdapter {
      "options": Object {
        "enableComponentDidUpdateOnSetState": true,
        "lifecycles": Object {
          "componentDidUpdate": Object {
            "onSetState": true,
          },
          "getDerivedStateFromProps": true,
          "getSnapshotBeforeUpdate": true,
          "setState": Object {
            "skipsComponentDidUpdateOnNullish": true,
          },
        },
      },
    },
  },
}
`;
