// Jest Snapshot v1, https://goo.gl/fbAQLP

exports[`TitleSegment renders correctly 1`] = `
<span
  className="title__text title__text--code"
>
  <MaskedSVG
    color="#ff000"
    text="CODE"
    type="code"
  />
</span>
`;
