// Jest Snapshot v1, https://goo.gl/fbAQLP

exports[`DynamicRoute component loaded renders correctly 1`] = `""`;

exports[`DynamicRoute component not loaded renders correctly 1`] = `""`;
