// Jest Snapshot v1, https://goo.gl/fbAQLP

exports[`NoWrap renders correctly 1`] = `
<span
  className="no-wrap"
>
  <p>
    Hello world
  </p>
</span>
`;
