// Jest Snapshot v1, https://goo.gl/fbAQLP

exports[`P with all props renders correctly 1`] = `
<p
  className="paragraph paragraph"
>
  <span>
    Don't you, forget about me
  </span>
</p>
`;

exports[`P with no props renders correctly 1`] = `
<p
  className="paragraph "
/>
`;
